Not implemented
FAIL (exit 1): 01-block-exact-three
Not implemented
FAIL (exit 1): 02-block-not-four
Not implemented
FAIL (exit 1): 03-alike-different-types
Not implemented
FAIL (exit 1): 04-deductible-per-item
Not implemented
FAIL (exit 1): 05-high-enchantment-clause
Not implemented
FAIL (exit 1): 06-dragon-material-clause
Not implemented
FAIL (exit 1): 07-clause-conflict
Not implemented
FAIL (exit 1): 08-newcomer-cursed
Not implemented
FAIL (exit 1): 09-follow-up-customer
Not implemented
FAIL (exit 1): 10-cap-exhaustion
Not implemented
FAIL (exit 1): 11-multi-items-same-type
Not implemented
FAIL (exit 1): 12-warrior-garras
Not implemented
FAIL (exit 1): 13-magus-velorin
Not implemented
FAIL (exit 1): 14-family-steinheim
Not implemented
FAIL (exit 1): 15-unlucky-tordan
