 ERROR  packages field missing or empty
For help, run: pnpm help exec
FAIL (exit 1): 01-block-exact-three
 ERROR  packages field missing or empty
For help, run: pnpm help exec
FAIL (exit 1): 02-block-not-four
 ERROR  packages field missing or empty
For help, run: pnpm help exec
FAIL (exit 1): 03-alike-different-types
 ERROR  packages field missing or empty
For help, run: pnpm help exec
FAIL (exit 1): 04-deductible-per-item
 ERROR  packages field missing or empty
For help, run: pnpm help exec
FAIL (exit 1): 05-high-enchantment-clause
 ERROR  packages field missing or empty
For help, run: pnpm help exec
FAIL (exit 1): 06-dragon-material-clause
 ERROR  packages field missing or empty
For help, run: pnpm help exec
FAIL (exit 1): 07-clause-conflict
 ERROR  packages field missing or empty
For help, run: pnpm help exec
FAIL (exit 1): 08-newcomer-cursed
 ERROR  packages field missing or empty
For help, run: pnpm help exec
FAIL (exit 1): 09-follow-up-customer
 ERROR  packages field missing or empty
For help, run: pnpm help exec
FAIL (exit 1): 10-cap-exhaustion
 ERROR  packages field missing or empty
For help, run: pnpm help exec
FAIL (exit 1): 11-multi-items-same-type
 ERROR  packages field missing or empty
For help, run: pnpm help exec
FAIL (exit 1): 12-warrior-garras
 ERROR  packages field missing or empty
For help, run: pnpm help exec
FAIL (exit 1): 13-magus-velorin
 ERROR  packages field missing or empty
For help, run: pnpm help exec
FAIL (exit 1): 14-family-steinheim
 ERROR  packages field missing or empty
For help, run: pnpm help exec
FAIL (exit 1): 15-unlucky-tordan
