
node:internal/modules/run_main:107
    triggerUncaughtException(
    ^
Error [ERR_MODULE_NOT_FOUND]: Cannot find module '/home/memrich/sync/workspace/agentic_coding_lab/experiments/runs/2026-07-25_01-23-55_claim-office-example-mapping_v6.2-with-why-cleaned-pi_minimax-m3-no-thinking-3/src/cli.ts' imported from /home/memrich/sync/workspace/agentic_coding_lab/experiments/runs/2026-07-25_01-23-55_claim-office-example-mapping_v6.2-with-why-cleaned-pi_minimax-m3-no-thinking-3/
    at finalizeResolution (node:internal/modules/esm/resolve:274:11)
    at moduleResolve (node:internal/modules/esm/resolve:864:10)
    at defaultResolve (node:internal/modules/esm/resolve:990:11)
    at nextResolve (node:internal/modules/esm/hooks:748:28)
    at resolveBase (file:///home/memrich/sync/workspace/agentic_coding_lab/experiments/runs/2026-07-25_01-23-55_claim-office-example-mapping_v6.2-with-why-cleaned-pi_minimax-m3-no-thinking-3/node_modules/.pnpm/tsx@4.23.1/node_modules/tsx/dist/register-zZ7SWseA.mjs:2:8498)
    at resolveDirectory (file:///home/memrich/sync/workspace/agentic_coding_lab/experiments/runs/2026-07-25_01-23-55_claim-office-example-mapping_v6.2-with-why-cleaned-pi_minimax-m3-no-thinking-3/node_modules/.pnpm/tsx@4.23.1/node_modules/tsx/dist/register-zZ7SWseA.mjs:2:9584)
    at resolveTsPaths (file:///home/memrich/sync/workspace/agentic_coding_lab/experiments/runs/2026-07-25_01-23-55_claim-office-example-mapping_v6.2-with-why-cleaned-pi_minimax-m3-no-thinking-3/node_modules/.pnpm/tsx@4.23.1/node_modules/tsx/dist/register-zZ7SWseA.mjs:2:11114)
    at resolve (file:///home/memrich/sync/workspace/agentic_coding_lab/experiments/runs/2026-07-25_01-23-55_claim-office-example-mapping_v6.2-with-why-cleaned-pi_minimax-m3-no-thinking-3/node_modules/.pnpm/tsx@4.23.1/node_modules/tsx/dist/register-zZ7SWseA.mjs:2:12294)
    at nextResolve (node:internal/modules/esm/hooks:748:28)
    at Hooks.resolve (node:internal/modules/esm/hooks:240:30) {
  code: 'ERR_MODULE_NOT_FOUND',
  url: 'file:///home/memrich/sync/workspace/agentic_coding_lab/experiments/runs/2026-07-25_01-23-55_claim-office-example-mapping_v6.2-with-why-cleaned-pi_minimax-m3-no-thinking-3/src/cli.ts'
}

Node.js v24.9.0
FAIL (exit 1): 01-block-exact-three

node:internal/modules/run_main:107
    triggerUncaughtException(
    ^
Error [ERR_MODULE_NOT_FOUND]: Cannot find module '/home/memrich/sync/workspace/agentic_coding_lab/experiments/runs/2026-07-25_01-23-55_claim-office-example-mapping_v6.2-with-why-cleaned-pi_minimax-m3-no-thinking-3/src/cli.ts' imported from /home/memrich/sync/workspace/agentic_coding_lab/experiments/runs/2026-07-25_01-23-55_claim-office-example-mapping_v6.2-with-why-cleaned-pi_minimax-m3-no-thinking-3/
    at finalizeResolution (node:internal/modules/esm/resolve:274:11)
    at moduleResolve (node:internal/modules/esm/resolve:864:10)
    at defaultResolve (node:internal/modules/esm/resolve:990:11)
    at nextResolve (node:internal/modules/esm/hooks:748:28)
    at resolveBase (file:///home/memrich/sync/workspace/agentic_coding_lab/experiments/runs/2026-07-25_01-23-55_claim-office-example-mapping_v6.2-with-why-cleaned-pi_minimax-m3-no-thinking-3/node_modules/.pnpm/tsx@4.23.1/node_modules/tsx/dist/register-zZ7SWseA.mjs:2:8498)
    at resolveDirectory (file:///home/memrich/sync/workspace/agentic_coding_lab/experiments/runs/2026-07-25_01-23-55_claim-office-example-mapping_v6.2-with-why-cleaned-pi_minimax-m3-no-thinking-3/node_modules/.pnpm/tsx@4.23.1/node_modules/tsx/dist/register-zZ7SWseA.mjs:2:9584)
    at resolveTsPaths (file:///home/memrich/sync/workspace/agentic_coding_lab/experiments/runs/2026-07-25_01-23-55_claim-office-example-mapping_v6.2-with-why-cleaned-pi_minimax-m3-no-thinking-3/node_modules/.pnpm/tsx@4.23.1/node_modules/tsx/dist/register-zZ7SWseA.mjs:2:11114)
    at resolve (file:///home/memrich/sync/workspace/agentic_coding_lab/experiments/runs/2026-07-25_01-23-55_claim-office-example-mapping_v6.2-with-why-cleaned-pi_minimax-m3-no-thinking-3/node_modules/.pnpm/tsx@4.23.1/node_modules/tsx/dist/register-zZ7SWseA.mjs:2:12294)
    at nextResolve (node:internal/modules/esm/hooks:748:28)
    at Hooks.resolve (node:internal/modules/esm/hooks:240:30) {
  code: 'ERR_MODULE_NOT_FOUND',
  url: 'file:///home/memrich/sync/workspace/agentic_coding_lab/experiments/runs/2026-07-25_01-23-55_claim-office-example-mapping_v6.2-with-why-cleaned-pi_minimax-m3-no-thinking-3/src/cli.ts'
}

Node.js v24.9.0
FAIL (exit 1): 02-block-not-four

node:internal/modules/run_main:107
    triggerUncaughtException(
    ^
Error [ERR_MODULE_NOT_FOUND]: Cannot find module '/home/memrich/sync/workspace/agentic_coding_lab/experiments/runs/2026-07-25_01-23-55_claim-office-example-mapping_v6.2-with-why-cleaned-pi_minimax-m3-no-thinking-3/src/cli.ts' imported from /home/memrich/sync/workspace/agentic_coding_lab/experiments/runs/2026-07-25_01-23-55_claim-office-example-mapping_v6.2-with-why-cleaned-pi_minimax-m3-no-thinking-3/
    at finalizeResolution (node:internal/modules/esm/resolve:274:11)
    at moduleResolve (node:internal/modules/esm/resolve:864:10)
    at defaultResolve (node:internal/modules/esm/resolve:990:11)
    at nextResolve (node:internal/modules/esm/hooks:748:28)
    at resolveBase (file:///home/memrich/sync/workspace/agentic_coding_lab/experiments/runs/2026-07-25_01-23-55_claim-office-example-mapping_v6.2-with-why-cleaned-pi_minimax-m3-no-thinking-3/node_modules/.pnpm/tsx@4.23.1/node_modules/tsx/dist/register-zZ7SWseA.mjs:2:8498)
    at resolveDirectory (file:///home/memrich/sync/workspace/agentic_coding_lab/experiments/runs/2026-07-25_01-23-55_claim-office-example-mapping_v6.2-with-why-cleaned-pi_minimax-m3-no-thinking-3/node_modules/.pnpm/tsx@4.23.1/node_modules/tsx/dist/register-zZ7SWseA.mjs:2:9584)
    at resolveTsPaths (file:///home/memrich/sync/workspace/agentic_coding_lab/experiments/runs/2026-07-25_01-23-55_claim-office-example-mapping_v6.2-with-why-cleaned-pi_minimax-m3-no-thinking-3/node_modules/.pnpm/tsx@4.23.1/node_modules/tsx/dist/register-zZ7SWseA.mjs:2:11114)
    at resolve (file:///home/memrich/sync/workspace/agentic_coding_lab/experiments/runs/2026-07-25_01-23-55_claim-office-example-mapping_v6.2-with-why-cleaned-pi_minimax-m3-no-thinking-3/node_modules/.pnpm/tsx@4.23.1/node_modules/tsx/dist/register-zZ7SWseA.mjs:2:12294)
    at nextResolve (node:internal/modules/esm/hooks:748:28)
    at Hooks.resolve (node:internal/modules/esm/hooks:240:30) {
  code: 'ERR_MODULE_NOT_FOUND',
  url: 'file:///home/memrich/sync/workspace/agentic_coding_lab/experiments/runs/2026-07-25_01-23-55_claim-office-example-mapping_v6.2-with-why-cleaned-pi_minimax-m3-no-thinking-3/src/cli.ts'
}

Node.js v24.9.0
FAIL (exit 1): 03-alike-different-types

node:internal/modules/run_main:107
    triggerUncaughtException(
    ^
Error [ERR_MODULE_NOT_FOUND]: Cannot find module '/home/memrich/sync/workspace/agentic_coding_lab/experiments/runs/2026-07-25_01-23-55_claim-office-example-mapping_v6.2-with-why-cleaned-pi_minimax-m3-no-thinking-3/src/cli.ts' imported from /home/memrich/sync/workspace/agentic_coding_lab/experiments/runs/2026-07-25_01-23-55_claim-office-example-mapping_v6.2-with-why-cleaned-pi_minimax-m3-no-thinking-3/
    at finalizeResolution (node:internal/modules/esm/resolve:274:11)
    at moduleResolve (node:internal/modules/esm/resolve:864:10)
    at defaultResolve (node:internal/modules/esm/resolve:990:11)
    at nextResolve (node:internal/modules/esm/hooks:748:28)
    at resolveBase (file:///home/memrich/sync/workspace/agentic_coding_lab/experiments/runs/2026-07-25_01-23-55_claim-office-example-mapping_v6.2-with-why-cleaned-pi_minimax-m3-no-thinking-3/node_modules/.pnpm/tsx@4.23.1/node_modules/tsx/dist/register-zZ7SWseA.mjs:2:8498)
    at resolveDirectory (file:///home/memrich/sync/workspace/agentic_coding_lab/experiments/runs/2026-07-25_01-23-55_claim-office-example-mapping_v6.2-with-why-cleaned-pi_minimax-m3-no-thinking-3/node_modules/.pnpm/tsx@4.23.1/node_modules/tsx/dist/register-zZ7SWseA.mjs:2:9584)
    at resolveTsPaths (file:///home/memrich/sync/workspace/agentic_coding_lab/experiments/runs/2026-07-25_01-23-55_claim-office-example-mapping_v6.2-with-why-cleaned-pi_minimax-m3-no-thinking-3/node_modules/.pnpm/tsx@4.23.1/node_modules/tsx/dist/register-zZ7SWseA.mjs:2:11114)
    at resolve (file:///home/memrich/sync/workspace/agentic_coding_lab/experiments/runs/2026-07-25_01-23-55_claim-office-example-mapping_v6.2-with-why-cleaned-pi_minimax-m3-no-thinking-3/node_modules/.pnpm/tsx@4.23.1/node_modules/tsx/dist/register-zZ7SWseA.mjs:2:12294)
    at nextResolve (node:internal/modules/esm/hooks:748:28)
    at Hooks.resolve (node:internal/modules/esm/hooks:240:30) {
  code: 'ERR_MODULE_NOT_FOUND',
  url: 'file:///home/memrich/sync/workspace/agentic_coding_lab/experiments/runs/2026-07-25_01-23-55_claim-office-example-mapping_v6.2-with-why-cleaned-pi_minimax-m3-no-thinking-3/src/cli.ts'
}

Node.js v24.9.0
FAIL (exit 1): 04-deductible-per-item

node:internal/modules/run_main:107
    triggerUncaughtException(
    ^
Error [ERR_MODULE_NOT_FOUND]: Cannot find module '/home/memrich/sync/workspace/agentic_coding_lab/experiments/runs/2026-07-25_01-23-55_claim-office-example-mapping_v6.2-with-why-cleaned-pi_minimax-m3-no-thinking-3/src/cli.ts' imported from /home/memrich/sync/workspace/agentic_coding_lab/experiments/runs/2026-07-25_01-23-55_claim-office-example-mapping_v6.2-with-why-cleaned-pi_minimax-m3-no-thinking-3/
    at finalizeResolution (node:internal/modules/esm/resolve:274:11)
    at moduleResolve (node:internal/modules/esm/resolve:864:10)
    at defaultResolve (node:internal/modules/esm/resolve:990:11)
    at nextResolve (node:internal/modules/esm/hooks:748:28)
    at resolveBase (file:///home/memrich/sync/workspace/agentic_coding_lab/experiments/runs/2026-07-25_01-23-55_claim-office-example-mapping_v6.2-with-why-cleaned-pi_minimax-m3-no-thinking-3/node_modules/.pnpm/tsx@4.23.1/node_modules/tsx/dist/register-zZ7SWseA.mjs:2:8498)
    at resolveDirectory (file:///home/memrich/sync/workspace/agentic_coding_lab/experiments/runs/2026-07-25_01-23-55_claim-office-example-mapping_v6.2-with-why-cleaned-pi_minimax-m3-no-thinking-3/node_modules/.pnpm/tsx@4.23.1/node_modules/tsx/dist/register-zZ7SWseA.mjs:2:9584)
    at resolveTsPaths (file:///home/memrich/sync/workspace/agentic_coding_lab/experiments/runs/2026-07-25_01-23-55_claim-office-example-mapping_v6.2-with-why-cleaned-pi_minimax-m3-no-thinking-3/node_modules/.pnpm/tsx@4.23.1/node_modules/tsx/dist/register-zZ7SWseA.mjs:2:11114)
    at resolve (file:///home/memrich/sync/workspace/agentic_coding_lab/experiments/runs/2026-07-25_01-23-55_claim-office-example-mapping_v6.2-with-why-cleaned-pi_minimax-m3-no-thinking-3/node_modules/.pnpm/tsx@4.23.1/node_modules/tsx/dist/register-zZ7SWseA.mjs:2:12294)
    at nextResolve (node:internal/modules/esm/hooks:748:28)
    at Hooks.resolve (node:internal/modules/esm/hooks:240:30) {
  code: 'ERR_MODULE_NOT_FOUND',
  url: 'file:///home/memrich/sync/workspace/agentic_coding_lab/experiments/runs/2026-07-25_01-23-55_claim-office-example-mapping_v6.2-with-why-cleaned-pi_minimax-m3-no-thinking-3/src/cli.ts'
}

Node.js v24.9.0
FAIL (exit 1): 05-high-enchantment-clause

node:internal/modules/run_main:107
    triggerUncaughtException(
    ^
Error [ERR_MODULE_NOT_FOUND]: Cannot find module '/home/memrich/sync/workspace/agentic_coding_lab/experiments/runs/2026-07-25_01-23-55_claim-office-example-mapping_v6.2-with-why-cleaned-pi_minimax-m3-no-thinking-3/src/cli.ts' imported from /home/memrich/sync/workspace/agentic_coding_lab/experiments/runs/2026-07-25_01-23-55_claim-office-example-mapping_v6.2-with-why-cleaned-pi_minimax-m3-no-thinking-3/
    at finalizeResolution (node:internal/modules/esm/resolve:274:11)
    at moduleResolve (node:internal/modules/esm/resolve:864:10)
    at defaultResolve (node:internal/modules/esm/resolve:990:11)
    at nextResolve (node:internal/modules/esm/hooks:748:28)
    at resolveBase (file:///home/memrich/sync/workspace/agentic_coding_lab/experiments/runs/2026-07-25_01-23-55_claim-office-example-mapping_v6.2-with-why-cleaned-pi_minimax-m3-no-thinking-3/node_modules/.pnpm/tsx@4.23.1/node_modules/tsx/dist/register-zZ7SWseA.mjs:2:8498)
    at resolveDirectory (file:///home/memrich/sync/workspace/agentic_coding_lab/experiments/runs/2026-07-25_01-23-55_claim-office-example-mapping_v6.2-with-why-cleaned-pi_minimax-m3-no-thinking-3/node_modules/.pnpm/tsx@4.23.1/node_modules/tsx/dist/register-zZ7SWseA.mjs:2:9584)
    at resolveTsPaths (file:///home/memrich/sync/workspace/agentic_coding_lab/experiments/runs/2026-07-25_01-23-55_claim-office-example-mapping_v6.2-with-why-cleaned-pi_minimax-m3-no-thinking-3/node_modules/.pnpm/tsx@4.23.1/node_modules/tsx/dist/register-zZ7SWseA.mjs:2:11114)
    at resolve (file:///home/memrich/sync/workspace/agentic_coding_lab/experiments/runs/2026-07-25_01-23-55_claim-office-example-mapping_v6.2-with-why-cleaned-pi_minimax-m3-no-thinking-3/node_modules/.pnpm/tsx@4.23.1/node_modules/tsx/dist/register-zZ7SWseA.mjs:2:12294)
    at nextResolve (node:internal/modules/esm/hooks:748:28)
    at Hooks.resolve (node:internal/modules/esm/hooks:240:30) {
  code: 'ERR_MODULE_NOT_FOUND',
  url: 'file:///home/memrich/sync/workspace/agentic_coding_lab/experiments/runs/2026-07-25_01-23-55_claim-office-example-mapping_v6.2-with-why-cleaned-pi_minimax-m3-no-thinking-3/src/cli.ts'
}

Node.js v24.9.0
FAIL (exit 1): 06-dragon-material-clause

node:internal/modules/run_main:107
    triggerUncaughtException(
    ^
Error [ERR_MODULE_NOT_FOUND]: Cannot find module '/home/memrich/sync/workspace/agentic_coding_lab/experiments/runs/2026-07-25_01-23-55_claim-office-example-mapping_v6.2-with-why-cleaned-pi_minimax-m3-no-thinking-3/src/cli.ts' imported from /home/memrich/sync/workspace/agentic_coding_lab/experiments/runs/2026-07-25_01-23-55_claim-office-example-mapping_v6.2-with-why-cleaned-pi_minimax-m3-no-thinking-3/
    at finalizeResolution (node:internal/modules/esm/resolve:274:11)
    at moduleResolve (node:internal/modules/esm/resolve:864:10)
    at defaultResolve (node:internal/modules/esm/resolve:990:11)
    at nextResolve (node:internal/modules/esm/hooks:748:28)
    at resolveBase (file:///home/memrich/sync/workspace/agentic_coding_lab/experiments/runs/2026-07-25_01-23-55_claim-office-example-mapping_v6.2-with-why-cleaned-pi_minimax-m3-no-thinking-3/node_modules/.pnpm/tsx@4.23.1/node_modules/tsx/dist/register-zZ7SWseA.mjs:2:8498)
    at resolveDirectory (file:///home/memrich/sync/workspace/agentic_coding_lab/experiments/runs/2026-07-25_01-23-55_claim-office-example-mapping_v6.2-with-why-cleaned-pi_minimax-m3-no-thinking-3/node_modules/.pnpm/tsx@4.23.1/node_modules/tsx/dist/register-zZ7SWseA.mjs:2:9584)
    at resolveTsPaths (file:///home/memrich/sync/workspace/agentic_coding_lab/experiments/runs/2026-07-25_01-23-55_claim-office-example-mapping_v6.2-with-why-cleaned-pi_minimax-m3-no-thinking-3/node_modules/.pnpm/tsx@4.23.1/node_modules/tsx/dist/register-zZ7SWseA.mjs:2:11114)
    at resolve (file:///home/memrich/sync/workspace/agentic_coding_lab/experiments/runs/2026-07-25_01-23-55_claim-office-example-mapping_v6.2-with-why-cleaned-pi_minimax-m3-no-thinking-3/node_modules/.pnpm/tsx@4.23.1/node_modules/tsx/dist/register-zZ7SWseA.mjs:2:12294)
    at nextResolve (node:internal/modules/esm/hooks:748:28)
    at Hooks.resolve (node:internal/modules/esm/hooks:240:30) {
  code: 'ERR_MODULE_NOT_FOUND',
  url: 'file:///home/memrich/sync/workspace/agentic_coding_lab/experiments/runs/2026-07-25_01-23-55_claim-office-example-mapping_v6.2-with-why-cleaned-pi_minimax-m3-no-thinking-3/src/cli.ts'
}

Node.js v24.9.0
FAIL (exit 1): 07-clause-conflict

node:internal/modules/run_main:107
    triggerUncaughtException(
    ^
Error [ERR_MODULE_NOT_FOUND]: Cannot find module '/home/memrich/sync/workspace/agentic_coding_lab/experiments/runs/2026-07-25_01-23-55_claim-office-example-mapping_v6.2-with-why-cleaned-pi_minimax-m3-no-thinking-3/src/cli.ts' imported from /home/memrich/sync/workspace/agentic_coding_lab/experiments/runs/2026-07-25_01-23-55_claim-office-example-mapping_v6.2-with-why-cleaned-pi_minimax-m3-no-thinking-3/
    at finalizeResolution (node:internal/modules/esm/resolve:274:11)
    at moduleResolve (node:internal/modules/esm/resolve:864:10)
    at defaultResolve (node:internal/modules/esm/resolve:990:11)
    at nextResolve (node:internal/modules/esm/hooks:748:28)
    at resolveBase (file:///home/memrich/sync/workspace/agentic_coding_lab/experiments/runs/2026-07-25_01-23-55_claim-office-example-mapping_v6.2-with-why-cleaned-pi_minimax-m3-no-thinking-3/node_modules/.pnpm/tsx@4.23.1/node_modules/tsx/dist/register-zZ7SWseA.mjs:2:8498)
    at resolveDirectory (file:///home/memrich/sync/workspace/agentic_coding_lab/experiments/runs/2026-07-25_01-23-55_claim-office-example-mapping_v6.2-with-why-cleaned-pi_minimax-m3-no-thinking-3/node_modules/.pnpm/tsx@4.23.1/node_modules/tsx/dist/register-zZ7SWseA.mjs:2:9584)
    at resolveTsPaths (file:///home/memrich/sync/workspace/agentic_coding_lab/experiments/runs/2026-07-25_01-23-55_claim-office-example-mapping_v6.2-with-why-cleaned-pi_minimax-m3-no-thinking-3/node_modules/.pnpm/tsx@4.23.1/node_modules/tsx/dist/register-zZ7SWseA.mjs:2:11114)
    at resolve (file:///home/memrich/sync/workspace/agentic_coding_lab/experiments/runs/2026-07-25_01-23-55_claim-office-example-mapping_v6.2-with-why-cleaned-pi_minimax-m3-no-thinking-3/node_modules/.pnpm/tsx@4.23.1/node_modules/tsx/dist/register-zZ7SWseA.mjs:2:12294)
    at nextResolve (node:internal/modules/esm/hooks:748:28)
    at Hooks.resolve (node:internal/modules/esm/hooks:240:30) {
  code: 'ERR_MODULE_NOT_FOUND',
  url: 'file:///home/memrich/sync/workspace/agentic_coding_lab/experiments/runs/2026-07-25_01-23-55_claim-office-example-mapping_v6.2-with-why-cleaned-pi_minimax-m3-no-thinking-3/src/cli.ts'
}

Node.js v24.9.0
FAIL (exit 1): 08-newcomer-cursed

node:internal/modules/run_main:107
    triggerUncaughtException(
    ^
Error [ERR_MODULE_NOT_FOUND]: Cannot find module '/home/memrich/sync/workspace/agentic_coding_lab/experiments/runs/2026-07-25_01-23-55_claim-office-example-mapping_v6.2-with-why-cleaned-pi_minimax-m3-no-thinking-3/src/cli.ts' imported from /home/memrich/sync/workspace/agentic_coding_lab/experiments/runs/2026-07-25_01-23-55_claim-office-example-mapping_v6.2-with-why-cleaned-pi_minimax-m3-no-thinking-3/
    at finalizeResolution (node:internal/modules/esm/resolve:274:11)
    at moduleResolve (node:internal/modules/esm/resolve:864:10)
    at defaultResolve (node:internal/modules/esm/resolve:990:11)
    at nextResolve (node:internal/modules/esm/hooks:748:28)
    at resolveBase (file:///home/memrich/sync/workspace/agentic_coding_lab/experiments/runs/2026-07-25_01-23-55_claim-office-example-mapping_v6.2-with-why-cleaned-pi_minimax-m3-no-thinking-3/node_modules/.pnpm/tsx@4.23.1/node_modules/tsx/dist/register-zZ7SWseA.mjs:2:8498)
    at resolveDirectory (file:///home/memrich/sync/workspace/agentic_coding_lab/experiments/runs/2026-07-25_01-23-55_claim-office-example-mapping_v6.2-with-why-cleaned-pi_minimax-m3-no-thinking-3/node_modules/.pnpm/tsx@4.23.1/node_modules/tsx/dist/register-zZ7SWseA.mjs:2:9584)
    at resolveTsPaths (file:///home/memrich/sync/workspace/agentic_coding_lab/experiments/runs/2026-07-25_01-23-55_claim-office-example-mapping_v6.2-with-why-cleaned-pi_minimax-m3-no-thinking-3/node_modules/.pnpm/tsx@4.23.1/node_modules/tsx/dist/register-zZ7SWseA.mjs:2:11114)
    at resolve (file:///home/memrich/sync/workspace/agentic_coding_lab/experiments/runs/2026-07-25_01-23-55_claim-office-example-mapping_v6.2-with-why-cleaned-pi_minimax-m3-no-thinking-3/node_modules/.pnpm/tsx@4.23.1/node_modules/tsx/dist/register-zZ7SWseA.mjs:2:12294)
    at nextResolve (node:internal/modules/esm/hooks:748:28)
    at Hooks.resolve (node:internal/modules/esm/hooks:240:30) {
  code: 'ERR_MODULE_NOT_FOUND',
  url: 'file:///home/memrich/sync/workspace/agentic_coding_lab/experiments/runs/2026-07-25_01-23-55_claim-office-example-mapping_v6.2-with-why-cleaned-pi_minimax-m3-no-thinking-3/src/cli.ts'
}

Node.js v24.9.0
FAIL (exit 1): 09-follow-up-customer

node:internal/modules/run_main:107
    triggerUncaughtException(
    ^
Error [ERR_MODULE_NOT_FOUND]: Cannot find module '/home/memrich/sync/workspace/agentic_coding_lab/experiments/runs/2026-07-25_01-23-55_claim-office-example-mapping_v6.2-with-why-cleaned-pi_minimax-m3-no-thinking-3/src/cli.ts' imported from /home/memrich/sync/workspace/agentic_coding_lab/experiments/runs/2026-07-25_01-23-55_claim-office-example-mapping_v6.2-with-why-cleaned-pi_minimax-m3-no-thinking-3/
    at finalizeResolution (node:internal/modules/esm/resolve:274:11)
    at moduleResolve (node:internal/modules/esm/resolve:864:10)
    at defaultResolve (node:internal/modules/esm/resolve:990:11)
    at nextResolve (node:internal/modules/esm/hooks:748:28)
    at resolveBase (file:///home/memrich/sync/workspace/agentic_coding_lab/experiments/runs/2026-07-25_01-23-55_claim-office-example-mapping_v6.2-with-why-cleaned-pi_minimax-m3-no-thinking-3/node_modules/.pnpm/tsx@4.23.1/node_modules/tsx/dist/register-zZ7SWseA.mjs:2:8498)
    at resolveDirectory (file:///home/memrich/sync/workspace/agentic_coding_lab/experiments/runs/2026-07-25_01-23-55_claim-office-example-mapping_v6.2-with-why-cleaned-pi_minimax-m3-no-thinking-3/node_modules/.pnpm/tsx@4.23.1/node_modules/tsx/dist/register-zZ7SWseA.mjs:2:9584)
    at resolveTsPaths (file:///home/memrich/sync/workspace/agentic_coding_lab/experiments/runs/2026-07-25_01-23-55_claim-office-example-mapping_v6.2-with-why-cleaned-pi_minimax-m3-no-thinking-3/node_modules/.pnpm/tsx@4.23.1/node_modules/tsx/dist/register-zZ7SWseA.mjs:2:11114)
    at resolve (file:///home/memrich/sync/workspace/agentic_coding_lab/experiments/runs/2026-07-25_01-23-55_claim-office-example-mapping_v6.2-with-why-cleaned-pi_minimax-m3-no-thinking-3/node_modules/.pnpm/tsx@4.23.1/node_modules/tsx/dist/register-zZ7SWseA.mjs:2:12294)
    at nextResolve (node:internal/modules/esm/hooks:748:28)
    at Hooks.resolve (node:internal/modules/esm/hooks:240:30) {
  code: 'ERR_MODULE_NOT_FOUND',
  url: 'file:///home/memrich/sync/workspace/agentic_coding_lab/experiments/runs/2026-07-25_01-23-55_claim-office-example-mapping_v6.2-with-why-cleaned-pi_minimax-m3-no-thinking-3/src/cli.ts'
}

Node.js v24.9.0
FAIL (exit 1): 10-cap-exhaustion

node:internal/modules/run_main:107
    triggerUncaughtException(
    ^
Error [ERR_MODULE_NOT_FOUND]: Cannot find module '/home/memrich/sync/workspace/agentic_coding_lab/experiments/runs/2026-07-25_01-23-55_claim-office-example-mapping_v6.2-with-why-cleaned-pi_minimax-m3-no-thinking-3/src/cli.ts' imported from /home/memrich/sync/workspace/agentic_coding_lab/experiments/runs/2026-07-25_01-23-55_claim-office-example-mapping_v6.2-with-why-cleaned-pi_minimax-m3-no-thinking-3/
    at finalizeResolution (node:internal/modules/esm/resolve:274:11)
    at moduleResolve (node:internal/modules/esm/resolve:864:10)
    at defaultResolve (node:internal/modules/esm/resolve:990:11)
    at nextResolve (node:internal/modules/esm/hooks:748:28)
    at resolveBase (file:///home/memrich/sync/workspace/agentic_coding_lab/experiments/runs/2026-07-25_01-23-55_claim-office-example-mapping_v6.2-with-why-cleaned-pi_minimax-m3-no-thinking-3/node_modules/.pnpm/tsx@4.23.1/node_modules/tsx/dist/register-zZ7SWseA.mjs:2:8498)
    at resolveDirectory (file:///home/memrich/sync/workspace/agentic_coding_lab/experiments/runs/2026-07-25_01-23-55_claim-office-example-mapping_v6.2-with-why-cleaned-pi_minimax-m3-no-thinking-3/node_modules/.pnpm/tsx@4.23.1/node_modules/tsx/dist/register-zZ7SWseA.mjs:2:9584)
    at resolveTsPaths (file:///home/memrich/sync/workspace/agentic_coding_lab/experiments/runs/2026-07-25_01-23-55_claim-office-example-mapping_v6.2-with-why-cleaned-pi_minimax-m3-no-thinking-3/node_modules/.pnpm/tsx@4.23.1/node_modules/tsx/dist/register-zZ7SWseA.mjs:2:11114)
    at resolve (file:///home/memrich/sync/workspace/agentic_coding_lab/experiments/runs/2026-07-25_01-23-55_claim-office-example-mapping_v6.2-with-why-cleaned-pi_minimax-m3-no-thinking-3/node_modules/.pnpm/tsx@4.23.1/node_modules/tsx/dist/register-zZ7SWseA.mjs:2:12294)
    at nextResolve (node:internal/modules/esm/hooks:748:28)
    at Hooks.resolve (node:internal/modules/esm/hooks:240:30) {
  code: 'ERR_MODULE_NOT_FOUND',
  url: 'file:///home/memrich/sync/workspace/agentic_coding_lab/experiments/runs/2026-07-25_01-23-55_claim-office-example-mapping_v6.2-with-why-cleaned-pi_minimax-m3-no-thinking-3/src/cli.ts'
}

Node.js v24.9.0
FAIL (exit 1): 11-multi-items-same-type

node:internal/modules/run_main:107
    triggerUncaughtException(
    ^
Error [ERR_MODULE_NOT_FOUND]: Cannot find module '/home/memrich/sync/workspace/agentic_coding_lab/experiments/runs/2026-07-25_01-23-55_claim-office-example-mapping_v6.2-with-why-cleaned-pi_minimax-m3-no-thinking-3/src/cli.ts' imported from /home/memrich/sync/workspace/agentic_coding_lab/experiments/runs/2026-07-25_01-23-55_claim-office-example-mapping_v6.2-with-why-cleaned-pi_minimax-m3-no-thinking-3/
    at finalizeResolution (node:internal/modules/esm/resolve:274:11)
    at moduleResolve (node:internal/modules/esm/resolve:864:10)
    at defaultResolve (node:internal/modules/esm/resolve:990:11)
    at nextResolve (node:internal/modules/esm/hooks:748:28)
    at resolveBase (file:///home/memrich/sync/workspace/agentic_coding_lab/experiments/runs/2026-07-25_01-23-55_claim-office-example-mapping_v6.2-with-why-cleaned-pi_minimax-m3-no-thinking-3/node_modules/.pnpm/tsx@4.23.1/node_modules/tsx/dist/register-zZ7SWseA.mjs:2:8498)
    at resolveDirectory (file:///home/memrich/sync/workspace/agentic_coding_lab/experiments/runs/2026-07-25_01-23-55_claim-office-example-mapping_v6.2-with-why-cleaned-pi_minimax-m3-no-thinking-3/node_modules/.pnpm/tsx@4.23.1/node_modules/tsx/dist/register-zZ7SWseA.mjs:2:9584)
    at resolveTsPaths (file:///home/memrich/sync/workspace/agentic_coding_lab/experiments/runs/2026-07-25_01-23-55_claim-office-example-mapping_v6.2-with-why-cleaned-pi_minimax-m3-no-thinking-3/node_modules/.pnpm/tsx@4.23.1/node_modules/tsx/dist/register-zZ7SWseA.mjs:2:11114)
    at resolve (file:///home/memrich/sync/workspace/agentic_coding_lab/experiments/runs/2026-07-25_01-23-55_claim-office-example-mapping_v6.2-with-why-cleaned-pi_minimax-m3-no-thinking-3/node_modules/.pnpm/tsx@4.23.1/node_modules/tsx/dist/register-zZ7SWseA.mjs:2:12294)
    at nextResolve (node:internal/modules/esm/hooks:748:28)
    at Hooks.resolve (node:internal/modules/esm/hooks:240:30) {
  code: 'ERR_MODULE_NOT_FOUND',
  url: 'file:///home/memrich/sync/workspace/agentic_coding_lab/experiments/runs/2026-07-25_01-23-55_claim-office-example-mapping_v6.2-with-why-cleaned-pi_minimax-m3-no-thinking-3/src/cli.ts'
}

Node.js v24.9.0
FAIL (exit 1): 12-warrior-garras

node:internal/modules/run_main:107
    triggerUncaughtException(
    ^
Error [ERR_MODULE_NOT_FOUND]: Cannot find module '/home/memrich/sync/workspace/agentic_coding_lab/experiments/runs/2026-07-25_01-23-55_claim-office-example-mapping_v6.2-with-why-cleaned-pi_minimax-m3-no-thinking-3/src/cli.ts' imported from /home/memrich/sync/workspace/agentic_coding_lab/experiments/runs/2026-07-25_01-23-55_claim-office-example-mapping_v6.2-with-why-cleaned-pi_minimax-m3-no-thinking-3/
    at finalizeResolution (node:internal/modules/esm/resolve:274:11)
    at moduleResolve (node:internal/modules/esm/resolve:864:10)
    at defaultResolve (node:internal/modules/esm/resolve:990:11)
    at nextResolve (node:internal/modules/esm/hooks:748:28)
    at resolveBase (file:///home/memrich/sync/workspace/agentic_coding_lab/experiments/runs/2026-07-25_01-23-55_claim-office-example-mapping_v6.2-with-why-cleaned-pi_minimax-m3-no-thinking-3/node_modules/.pnpm/tsx@4.23.1/node_modules/tsx/dist/register-zZ7SWseA.mjs:2:8498)
    at resolveDirectory (file:///home/memrich/sync/workspace/agentic_coding_lab/experiments/runs/2026-07-25_01-23-55_claim-office-example-mapping_v6.2-with-why-cleaned-pi_minimax-m3-no-thinking-3/node_modules/.pnpm/tsx@4.23.1/node_modules/tsx/dist/register-zZ7SWseA.mjs:2:9584)
    at resolveTsPaths (file:///home/memrich/sync/workspace/agentic_coding_lab/experiments/runs/2026-07-25_01-23-55_claim-office-example-mapping_v6.2-with-why-cleaned-pi_minimax-m3-no-thinking-3/node_modules/.pnpm/tsx@4.23.1/node_modules/tsx/dist/register-zZ7SWseA.mjs:2:11114)
    at resolve (file:///home/memrich/sync/workspace/agentic_coding_lab/experiments/runs/2026-07-25_01-23-55_claim-office-example-mapping_v6.2-with-why-cleaned-pi_minimax-m3-no-thinking-3/node_modules/.pnpm/tsx@4.23.1/node_modules/tsx/dist/register-zZ7SWseA.mjs:2:12294)
    at nextResolve (node:internal/modules/esm/hooks:748:28)
    at Hooks.resolve (node:internal/modules/esm/hooks:240:30) {
  code: 'ERR_MODULE_NOT_FOUND',
  url: 'file:///home/memrich/sync/workspace/agentic_coding_lab/experiments/runs/2026-07-25_01-23-55_claim-office-example-mapping_v6.2-with-why-cleaned-pi_minimax-m3-no-thinking-3/src/cli.ts'
}

Node.js v24.9.0
FAIL (exit 1): 13-magus-velorin

node:internal/modules/run_main:107
    triggerUncaughtException(
    ^
Error [ERR_MODULE_NOT_FOUND]: Cannot find module '/home/memrich/sync/workspace/agentic_coding_lab/experiments/runs/2026-07-25_01-23-55_claim-office-example-mapping_v6.2-with-why-cleaned-pi_minimax-m3-no-thinking-3/src/cli.ts' imported from /home/memrich/sync/workspace/agentic_coding_lab/experiments/runs/2026-07-25_01-23-55_claim-office-example-mapping_v6.2-with-why-cleaned-pi_minimax-m3-no-thinking-3/
    at finalizeResolution (node:internal/modules/esm/resolve:274:11)
    at moduleResolve (node:internal/modules/esm/resolve:864:10)
    at defaultResolve (node:internal/modules/esm/resolve:990:11)
    at nextResolve (node:internal/modules/esm/hooks:748:28)
    at resolveBase (file:///home/memrich/sync/workspace/agentic_coding_lab/experiments/runs/2026-07-25_01-23-55_claim-office-example-mapping_v6.2-with-why-cleaned-pi_minimax-m3-no-thinking-3/node_modules/.pnpm/tsx@4.23.1/node_modules/tsx/dist/register-zZ7SWseA.mjs:2:8498)
    at resolveDirectory (file:///home/memrich/sync/workspace/agentic_coding_lab/experiments/runs/2026-07-25_01-23-55_claim-office-example-mapping_v6.2-with-why-cleaned-pi_minimax-m3-no-thinking-3/node_modules/.pnpm/tsx@4.23.1/node_modules/tsx/dist/register-zZ7SWseA.mjs:2:9584)
    at resolveTsPaths (file:///home/memrich/sync/workspace/agentic_coding_lab/experiments/runs/2026-07-25_01-23-55_claim-office-example-mapping_v6.2-with-why-cleaned-pi_minimax-m3-no-thinking-3/node_modules/.pnpm/tsx@4.23.1/node_modules/tsx/dist/register-zZ7SWseA.mjs:2:11114)
    at resolve (file:///home/memrich/sync/workspace/agentic_coding_lab/experiments/runs/2026-07-25_01-23-55_claim-office-example-mapping_v6.2-with-why-cleaned-pi_minimax-m3-no-thinking-3/node_modules/.pnpm/tsx@4.23.1/node_modules/tsx/dist/register-zZ7SWseA.mjs:2:12294)
    at nextResolve (node:internal/modules/esm/hooks:748:28)
    at Hooks.resolve (node:internal/modules/esm/hooks:240:30) {
  code: 'ERR_MODULE_NOT_FOUND',
  url: 'file:///home/memrich/sync/workspace/agentic_coding_lab/experiments/runs/2026-07-25_01-23-55_claim-office-example-mapping_v6.2-with-why-cleaned-pi_minimax-m3-no-thinking-3/src/cli.ts'
}

Node.js v24.9.0
FAIL (exit 1): 14-family-steinheim

node:internal/modules/run_main:107
    triggerUncaughtException(
    ^
Error [ERR_MODULE_NOT_FOUND]: Cannot find module '/home/memrich/sync/workspace/agentic_coding_lab/experiments/runs/2026-07-25_01-23-55_claim-office-example-mapping_v6.2-with-why-cleaned-pi_minimax-m3-no-thinking-3/src/cli.ts' imported from /home/memrich/sync/workspace/agentic_coding_lab/experiments/runs/2026-07-25_01-23-55_claim-office-example-mapping_v6.2-with-why-cleaned-pi_minimax-m3-no-thinking-3/
    at finalizeResolution (node:internal/modules/esm/resolve:274:11)
    at moduleResolve (node:internal/modules/esm/resolve:864:10)
    at defaultResolve (node:internal/modules/esm/resolve:990:11)
    at nextResolve (node:internal/modules/esm/hooks:748:28)
    at resolveBase (file:///home/memrich/sync/workspace/agentic_coding_lab/experiments/runs/2026-07-25_01-23-55_claim-office-example-mapping_v6.2-with-why-cleaned-pi_minimax-m3-no-thinking-3/node_modules/.pnpm/tsx@4.23.1/node_modules/tsx/dist/register-zZ7SWseA.mjs:2:8498)
    at resolveDirectory (file:///home/memrich/sync/workspace/agentic_coding_lab/experiments/runs/2026-07-25_01-23-55_claim-office-example-mapping_v6.2-with-why-cleaned-pi_minimax-m3-no-thinking-3/node_modules/.pnpm/tsx@4.23.1/node_modules/tsx/dist/register-zZ7SWseA.mjs:2:9584)
    at resolveTsPaths (file:///home/memrich/sync/workspace/agentic_coding_lab/experiments/runs/2026-07-25_01-23-55_claim-office-example-mapping_v6.2-with-why-cleaned-pi_minimax-m3-no-thinking-3/node_modules/.pnpm/tsx@4.23.1/node_modules/tsx/dist/register-zZ7SWseA.mjs:2:11114)
    at resolve (file:///home/memrich/sync/workspace/agentic_coding_lab/experiments/runs/2026-07-25_01-23-55_claim-office-example-mapping_v6.2-with-why-cleaned-pi_minimax-m3-no-thinking-3/node_modules/.pnpm/tsx@4.23.1/node_modules/tsx/dist/register-zZ7SWseA.mjs:2:12294)
    at nextResolve (node:internal/modules/esm/hooks:748:28)
    at Hooks.resolve (node:internal/modules/esm/hooks:240:30) {
  code: 'ERR_MODULE_NOT_FOUND',
  url: 'file:///home/memrich/sync/workspace/agentic_coding_lab/experiments/runs/2026-07-25_01-23-55_claim-office-example-mapping_v6.2-with-why-cleaned-pi_minimax-m3-no-thinking-3/src/cli.ts'
}

Node.js v24.9.0
FAIL (exit 1): 15-unlucky-tordan
